Computing similarity with parameters: 
    Filename: data/articles_2500.txt
    Separator: [ ]
    Minimum similarity: 0.8
    Shingle size: 3
    Hash count: 100
    Band size: 5
    Compute Jaccard similarity: false
    Compute all minHashes similarity: true
    Print hash coefficients: false

Pair                     Jaccard              minHash                  lsh
--------------------------------------------------------------------------
t1088,t5015                  ---              0.98000              0.90000
t1297,t4638                  ---              0.98000              0.90000
t1768,t5248                  ---              0.99000              0.95000
t1952,t3495                  ---              0.96000              0.80000
t2023,t980                   ---              0.98000              0.90000
t2535,t8642                  ---              0.99000              0.95000
t2839,t9303                  ---              0.97000              0.85000
t2957,t7111                  ---              0.95000                  ---
t3268,t7998                  ---              0.96000              0.80000
t3466,t7563                  ---              1.00000              1.00000
t3575,t8979                  ---              0.96000              0.80000
t3725,t4099                  ---              0.99000              0.95000
t4467,t6205                  ---              1.00000              1.00000
t4530,t7907                  ---              0.98000              0.90000
t5442,t906                   ---              1.00000              1.00000
t5551,t7693                  ---              0.99000              0.95000
t6244,t969                   ---              0.99000              0.95000
t7270,t8387                  ---              0.96000              0.80000
t7527,t8101                  ---              0.99000              0.95000
t787,t9596                   ---              0.97000              0.85000
--------------------------------------------------------------------------
